main.c:69:6:Phase1_GreenOn	8	static
main.c:72:6:Phase1_GreenOff	8	static
main.c:76:6:Phase1_YellowOn	8	static
main.c:79:6:Phase1_YellowOff	8	static
main.c:83:6:Phase1_RedOn	8	static
main.c:86:6:Phase1_RedOff	8	static
main.c:90:6:Phase2_GreenOn	8	static
main.c:93:6:Phase2_GreenOff	8	static
main.c:97:6:Phase2_YellowOn	8	static
main.c:100:6:Phase2_YellowOff	8	static
main.c:104:6:Phase2_RedOn	8	static
main.c:107:6:Phase2_RedOff	8	static
main.c:112:6:display7SEG	16	static
main.c:161:5:main	16	static
main.c:208:6:SystemClock_Config	72	static
main.c:244:13:MX_GPIO_Init	32	static
main.c:288:6:Error_Handler	4	static,ignoring_inline_asm
