main.c:69:6:Phase1_GreenOn	8	static
main.c:73:6:Phase1_GreenOff	8	static
main.c:78:6:Phase1_YellowOn	8	static
main.c:82:6:Phase1_YellowOff	8	static
main.c:87:6:Phase1_RedOn	8	static
main.c:91:6:Phase1_RedOff	8	static
main.c:96:6:Phase2_GreenOn	8	static
main.c:100:6:Phase2_GreenOff	8	static
main.c:105:6:Phase2_YellowOn	8	static
main.c:109:6:Phase2_YellowOff	8	static
main.c:114:6:Phase2_RedOn	8	static
main.c:118:6:Phase2_RedOff	8	static
main.c:129:5:main	8	static
main.c:227:6:SystemClock_Config	72	static
main.c:263:13:MX_GPIO_Init	32	static
main.c:293:6:Error_Handler	4	static,ignoring_inline_asm
